2026-08-26T11:12:54.125322859Z ::debug::env_utils:36|Break-Glass mode is not enabled. Proceeding with checking configuration requirement of the COS Evidence Locker.
2026-08-26T11:12:55.339048391Z ::info:: cocoa-cli | check.command.ts:32:10 | Default retention period of the 'cos-secure-pipelines-service-instana' bucket is set to 365 days, which fulfills the requirement of at least 365 days.
2026-08-26T11:12:55.361558476Z Please ensure that the COS bucket is the same across all CI/CD and CC toolchains.
2026-08-26T11:12:55.362380766Z Backup COS evidence locker is not configured, if you are transitioning from one COS bucket to another then please configure Backup COS.
2026-08-26T11:12:55.465451046Z ::debug::get_repo_params:18|get_repo_owner called for https://github.com/instana/nodejs. Repository Owner identified as instana
2026-08-26T11:12:55.469976489Z ::debug::get_repo_params:30|get_repo_name called for https://github.com/instana/nodejs. Repository Name identified as nodejs
2026-08-26T11:12:55.474251434Z ::debug::get_repo_params:30|get_repo_name called for https://github.com/instana/nodejs. Repository Name identified as nodejs
2026-08-26T11:12:55.478233679Z ::debug::get_repo_params:18|get_repo_owner called for https://github.com/instana/nodejs. Repository Owner identified as instana
2026-08-26T11:12:55.483037972Z ::debug::get_repo_params:159|get_repo_specific_token called for https://github.com/instana/nodejs. Reading token from environment property git-token-nodejs-instana
2026-08-26T11:12:55.487088354Z ::debug::get_repo_params:18|get_repo_owner called for https://github.com/instana/nodejs. Repository Owner identified as instana
2026-08-26T11:12:55.492039358Z ::debug::get_repo_params:168|get_org_specific_token called for https://github.com/instana/nodejs. Reading token from environment property git-token-instana
2026-08-26T11:12:55.492062519Z ::debug::get_repo_params:194|Unable to retrieve repo_token from environment property. Attempt to fetch Personal Access Token.
2026-08-26T11:12:55.502122614Z ::debug::get_repo_params:134|get_repo_pat called for https://github.com/instana/nodejs. Auth Type identified as pat
2026-08-26T11:12:55.510036911Z ::debug::get_repo_params:145|get_repo_pat called for https://github.com/instana/nodejs. Successfully retrieved access token.
2026-08-26T11:12:55.526352247Z ::debug::setup_ci:72|INVENTORY_URL https://github.ibm.com/instana/instana-inventory
2026-08-26T11:12:55.541561575Z ::debug::setup_ci:88|INCIDENT_ISSUES_URL https://github.ibm.com/instana/instana-issues
2026-08-26T11:12:55.551925000Z ::debug::get_repo_params:256|Unable to locate repository parameters for key https://github.ibm.com/instana/instana-issues in the cache. Attempt to fetch repository parameters.
2026-08-26T11:12:55.555564885Z ::debug::get_repo_params:39|get_repo_server_name called for https://github.ibm.com/instana/instana-issues. Repository Server Name identified as github.ibm.com
2026-08-26T11:12:55.560153051Z ::debug::get_repo_params:107|get_absolute_scm_type called for https://github.ibm.com/instana/instana-issues. SCM Type identified as github_integrated
2026-08-26T11:12:55.560711070Z ::debug::get_repo_params:244|get_api_url called for https://github.ibm.com/instana/instana-issues. Reading token from environment property https://github.ibm.com/api/v3.
2026-08-26T11:12:55.565680224Z ::debug::get_repo_params:107|get_absolute_scm_type called for https://github.ibm.com/instana/instana-issues. SCM Type identified as github_integrated
2026-08-26T11:12:55.566040799Z ::debug::get_repo_params:115|get_absolute_scm_type called for https://github.ibm.com/instana/instana-issues. SCM Type identified as github_integrated
2026-08-26T11:12:55.570603373Z ::debug::get_repo_params:18|get_repo_owner called for https://github.ibm.com/instana/instana-issues. Repository Owner identified as instana
2026-08-26T11:12:55.575051093Z ::debug::get_repo_params:30|get_repo_name called for https://github.ibm.com/instana/instana-issues. Repository Name identified as instana-issues
2026-08-26T11:12:55.576402060Z ::debug::get_repo_params:262|Update the cache for key https://github.ibm.com/instana/instana-issues.
2026-08-26T11:12:55.580093136Z ::debug::get_repo_params:267|get_repo_params called for https://github.ibm.com/instana/instana-issues.
2026-08-26T11:12:55.584671889Z ::debug::get_repo_params:30|get_repo_name called for https://github.ibm.com/instana/instana-issues. Repository Name identified as instana-issues
2026-08-26T11:12:55.588358096Z ::debug::get_repo_params:18|get_repo_owner called for https://github.ibm.com/instana/instana-issues. Repository Owner identified as instana
2026-08-26T11:12:55.593499801Z ::debug::get_repo_params:159|get_repo_specific_token called for https://github.ibm.com/instana/instana-issues. Reading token from environment property git-token-instana-issues-instana
2026-08-26T11:12:55.597836966Z ::debug::get_repo_params:18|get_repo_owner called for https://github.ibm.com/instana/instana-issues. Repository Owner identified as instana
2026-08-26T11:12:55.602878798Z ::debug::get_repo_params:168|get_org_specific_token called for https://github.ibm.com/instana/instana-issues. Reading token from environment property git-token-instana
2026-08-26T11:12:55.603881267Z ::debug::get_repo_params:194|Unable to retrieve repo_token from environment property. Attempt to fetch Personal Access Token.
2026-08-26T11:12:55.607653217Z ::debug::get_repo_params:134|get_repo_pat called for https://github.ibm.com/instana/instana-issues. Auth Type identified as pat
2026-08-26T11:12:55.615808275Z ::debug::get_repo_params:145|get_repo_pat called for https://github.ibm.com/instana/instana-issues. Successfully retrieved access token.
2026-08-26T11:12:55.628125302Z ::debug::get_repo_params:30|get_repo_name called for https://github.ibm.com/instana/instana-inventory. Repository Name identified as instana-inventory
2026-08-26T11:12:55.632856935Z ::debug::get_repo_params:18|get_repo_owner called for https://github.ibm.com/instana/instana-inventory. Repository Owner identified as instana
2026-08-26T11:12:55.895280660Z ***
2026-08-26T11:12:55.899067250Z 
2026-08-26T11:12:55.902982757Z 
2026-08-26T11:12:56.323152251Z ::debug:: cocoa-cli | metric.ts:71:12 | {"type":"ibm_toolchain_pipeline_devsecops_core_git_clone_time_summary","data":{"value":"0","ibm_toolchain_pipeline_devsecops_pipeline_type":"ci-pipeline","ibm_toolchain_pipeline_devsecops_pipeline_variant":"v11","ibm_toolchain_pipeline_devsecops_toolchain_id":"b1293299-ad36-4bd7-8758-430735819ff7","ibm_toolchain_pipeline_devsecops_pipeline_id":"579d9c4d-163d-4171-be94-9535ff3f68c4"}}
2026-08-26T11:12:56.333762836Z Cloning Repository: https://github.com/instana/nodejs, Branch: ci-sps, Commit:  at Path:  with USE_SUBMODULES flag as: 1
2026-08-26T11:12:56.343587260Z ::debug::clone_repo:61|GIT_AUTH_USER is set to : x-oauth-basic
2026-08-26T11:12:57.583945798Z ::error::Unable to locate branch ci-sps in https://github.com/instana/nodejs. Clone Repo operation failed, exiting now
2026-08-26T11:12:57.585977167Z ::debug::clone_repo:111|FORCE_EXIT is set to false. Returning with an error code.
