{
  "exclude": {
    "files": "^.secrets.baseline$|package-lock\\.json(\\.v[^/]+)?(\\.template)?$",
    "lines": null
  },
  "generated_at": "2026-09-02T13:37:28Z",
  "plugins_used": [
    {
      "name": "AWSKeyDetector"
    },
    {
      "name": "ArtifactoryDetector"
    },
    {
      "name": "AzureStorageKeyDetector"
    },
    {
      "base64_limit": 4.5,
      "name": "Base64HighEntropyString"
    },
    {
      "name": "BasicAuthDetector"
    },
    {
      "name": "BoxDetector"
    },
    {
      "name": "CloudantDetector"
    },
    {
      "ghe_instance": "github.ibm.com",
      "name": "GheDetector"
    },
    {
      "name": "GitHubTokenDetector"
    },
    {
      "hex_limit": 3,
      "name": "HexHighEntropyString"
    },
    {
      "name": "IbmCloudIamDetector"
    },
    {
      "name": "IbmCosHmacDetector"
    },
    {
      "name": "JwtTokenDetector"
    },
    {
      "keyword_exclude": null,
      "name": "KeywordDetector"
    },
    {
      "name": "MailchimpDetector"
    },
    {
      "name": "NpmDetector"
    },
    {
      "name": "PrivateKeyDetector"
    },
    {
      "name": "SlackDetector"
    },
    {
      "name": "SoftlayerDetector"
    },
    {
      "name": "SquareOAuthDetector"
    },
    {
      "name": "StripeDetector"
    },
    {
      "name": "TwilioKeyDetector"
    }
  ],
  "results": {
    ".github/workflows/release.yaml": [
      {
        "hashed_secret": "c885f542090f79a2de7f019931a44c403e15e762",
        "is_secret": false,
        "is_verified": false,
        "line_number": 63,
        "type": "NPM tokens",
        "verified_result": null
      }
    ],
    ".sps/main/pipeline-config-collector-currencies-databases.yaml": [
      {
        "hashed_secret": "ae19c959938c86458ca10da524db1d09aa78e2e5",
        "is_secret": false,
        "is_verified": false,
        "line_number": 1208,
        "type": "Secret Keyword",
        "verified_result": null
      },
      {
        "hashed_secret": "075fb229bf3b9ca5e41e2fee1dfa7ab60bfb28bf",
        "is_secret": false,
        "is_verified": false,
        "line_number": 1723,
        "type": "Secret Keyword",
        "verified_result": null
      },
      {
        "hashed_secret": "12ce10b152d37024604ba092df561209b72e0a5c",
        "is_secret": false,
        "is_verified": false,
        "line_number": 1820,
        "type": "Secret Keyword",
        "verified_result": null
      }
    ],
    ".sps/main/pipeline-config-collector-currencies-frameworks.yaml": [
      {
        "hashed_secret": "075fb229bf3b9ca5e41e2fee1dfa7ab60bfb28bf",
        "is_secret": false,
        "is_verified": false,
        "line_number": 718,
        "type": "Secret Keyword",
        "verified_result": null
      }
    ],
    ".sps/manual/pipeline-config-collector-currencies-databases.yaml": [
      {
        "hashed_secret": "ae19c959938c86458ca10da524db1d09aa78e2e5",
        "is_secret": false,
        "is_verified": false,
        "line_number": 1208,
        "type": "Secret Keyword",
        "verified_result": null
      },
      {
        "hashed_secret": "075fb229bf3b9ca5e41e2fee1dfa7ab60bfb28bf",
        "is_secret": false,
        "is_verified": false,
        "line_number": 1723,
        "type": "Secret Keyword",
        "verified_result": null
      },
      {
        "hashed_secret": "12ce10b152d37024604ba092df561209b72e0a5c",
        "is_secret": false,
        "is_verified": false,
        "line_number": 1820,
        "type": "Secret Keyword",
        "verified_result": null
      }
    ],
    ".sps/manual/pipeline-config-collector-currencies-frameworks.yaml": [
      {
        "hashed_secret": "075fb229bf3b9ca5e41e2fee1dfa7ab60bfb28bf",
        "is_secret": false,
        "is_verified": false,
        "line_number": 718,
        "type": "Secret Keyword",
        "verified_result": null
      }
    ],
    ".sps/pr/pipeline-config-collector-currencies-databases.yaml": [
      {
        "hashed_secret": "ae19c959938c86458ca10da524db1d09aa78e2e5",
        "is_secret": false,
        "is_verified": false,
        "line_number": 1208,
        "type": "Secret Keyword",
        "verified_result": null
      },
      {
        "hashed_secret": "075fb229bf3b9ca5e41e2fee1dfa7ab60bfb28bf",
        "is_secret": false,
        "is_verified": false,
        "line_number": 1723,
        "type": "Secret Keyword",
        "verified_result": null
      },
      {
        "hashed_secret": "12ce10b152d37024604ba092df561209b72e0a5c",
        "is_secret": false,
        "is_verified": false,
        "line_number": 1820,
        "type": "Secret Keyword",
        "verified_result": null
      }
    ],
    ".sps/pr/pipeline-config-collector-currencies-frameworks.yaml": [
      {
        "hashed_secret": "075fb229bf3b9ca5e41e2fee1dfa7ab60bfb28bf",
        "is_secret": false,
        "is_verified": false,
        "line_number": 718,
        "type": "Secret Keyword",
        "verified_result": null
      }
    ],
    ".tekton/tasks/test-groups/autoprofile-task.yaml": [
      {
        "hashed_secret": "af6a28febd2e7634c24cbea91472efed9cab2799",
        "is_secret": false,
        "is_verified": false,
        "line_number": 142,
        "type": "Secret Keyword",
        "verified_result": null
      }
    ],
    ".tekton/tasks/test-groups/aws-fargate-task.yaml": [
      {
        "hashed_secret": "af6a28febd2e7634c24cbea91472efed9cab2799",
        "is_secret": false,
        "is_verified": false,
        "line_number": 142,
        "type": "Secret Keyword",
        "verified_result": null
      }
    ],
    ".tekton/tasks/test-groups/aws-lambda-split-2-task.yaml": [
      {
        "hashed_secret": "af6a28febd2e7634c24cbea91472efed9cab2799",
        "is_secret": false,
        "is_verified": false,
        "line_number": 149,
        "type": "Secret Keyword",
        "verified_result": null
      }
    ],
    ".tekton/tasks/test-groups/aws-lambda-split-3-task.yaml": [
      {
        "hashed_secret": "af6a28febd2e7634c24cbea91472efed9cab2799",
        "is_secret": false,
        "is_verified": false,
        "line_number": 149,
        "type": "Secret Keyword",
        "verified_result": null
      }
    ],
    ".tekton/tasks/test-groups/aws-lambda-split-4-task.yaml": [
      {
        "hashed_secret": "af6a28febd2e7634c24cbea91472efed9cab2799",
        "is_secret": false,
        "is_verified": false,
        "line_number": 149,
        "type": "Secret Keyword",
        "verified_result": null
      }
    ],
    ".tekton/tasks/test-groups/aws-lambda-split-5-task.yaml": [
      {
        "hashed_secret": "af6a28febd2e7634c24cbea91472efed9cab2799",
        "is_secret": false,
        "is_verified": false,
        "line_number": 149,
        "type": "Secret Keyword",
        "verified_result": null
      }
    ],
    ".tekton/tasks/test-groups/aws-lambda-task.yaml": [
      {
        "hashed_secret": "af6a28febd2e7634c24cbea91472efed9cab2799",
        "is_secret": false,
        "is_verified": false,
        "line_number": 149,
        "type": "Secret Keyword",
        "verified_result": null
      }
    ],
    ".tekton/tasks/test-groups/azure-container-services-task.yaml": [
      {
        "hashed_secret": "af6a28febd2e7634c24cbea91472efed9cab2799",
        "is_secret": false,
        "is_verified": false,
        "line_number": 142,
        "type": "Secret Keyword",
        "verified_result": null
      }
    ],
    ".tekton/tasks/test-groups/collector-1-redis-task.yaml": [
      {
        "hashed_secret": "af6a28febd2e7634c24cbea91472efed9cab2799",
        "is_secret": false,
        "is_verified": false,
        "line_number": 180,
        "type": "Secret Keyword",
        "verified_result": null
      }
    ],
    ".tekton/tasks/test-groups/collector-10-redis-task.yaml": [
      {
        "hashed_secret": "af6a28febd2e7634c24cbea91472efed9cab2799",
        "is_secret": false,
        "is_verified": false,
        "line_number": 180,
        "type": "Secret Keyword",
        "verified_result": null
      }
    ],
    ".tekton/tasks/test-groups/collector-11-redis-task.yaml": [
      {
        "hashed_secret": "af6a28febd2e7634c24cbea91472efed9cab2799",
        "is_secret": false,
        "is_verified": false,
        "line_number": 180,
        "type": "Secret Keyword",
        "verified_result": null
      }
    ],
    ".tekton/tasks/test-groups/collector-12-redis-task.yaml": [
      {
        "hashed_secret": "af6a28febd2e7634c24cbea91472efed9cab2799",
        "is_secret": false,
        "is_verified": false,
        "line_number": 180,
        "type": "Secret Keyword",
        "verified_result": null
      }
    ],
    ".tekton/tasks/test-groups/collector-13-redis-task.yaml": [
      {
        "hashed_secret": "af6a28febd2e7634c24cbea91472efed9cab2799",
        "is_secret": false,
        "is_verified": false,
        "line_number": 180,
        "type": "Secret Keyword",
        "verified_result": null
      }
    ],
    ".tekton/tasks/test-groups/collector-14-redis-task.yaml": [
      {
        "hashed_secret": "af6a28febd2e7634c24cbea91472efed9cab2799",
        "is_secret": false,
        "is_verified": false,
        "line_number": 180,
        "type": "Secret Keyword",
        "verified_result": null
      }
    ],
    ".tekton/tasks/test-groups/collector-15-redis-task.yaml": [
      {
        "hashed_secret": "af6a28febd2e7634c24cbea91472efed9cab2799",
        "is_secret": false,
        "is_verified": false,
        "line_number": 180,
        "type": "Secret Keyword",
        "verified_result": null
      }
    ],
    ".tekton/tasks/test-groups/collector-16-redis-task.yaml": [
      {
        "hashed_secret": "af6a28febd2e7634c24cbea91472efed9cab2799",
        "is_secret": false,
        "is_verified": false,
        "line_number": 180,
        "type": "Secret Keyword",
        "verified_result": null
      }
    ],
    ".tekton/tasks/test-groups/collector-17-redis-task.yaml": [
      {
        "hashed_secret": "af6a28febd2e7634c24cbea91472efed9cab2799",
        "is_secret": false,
        "is_verified": false,
        "line_number": 180,
        "type": "Secret Keyword",
        "verified_result": null
      }
    ],
    ".tekton/tasks/test-groups/collector-18-redis-task.yaml": [
      {
        "hashed_secret": "af6a28febd2e7634c24cbea91472efed9cab2799",
        "is_secret": false,
        "is_verified": false,
        "line_number": 180,
        "type": "Secret Keyword",
        "verified_result": null
      }
    ],
    ".tekton/tasks/test-groups/collector-19-redis-task.yaml": [
      {
        "hashed_secret": "af6a28febd2e7634c24cbea91472efed9cab2799",
        "is_secret": false,
        "is_verified": false,
        "line_number": 180,
        "type": "Secret Keyword",
        "verified_result": null
      }
    ],
    ".tekton/tasks/test-groups/collector-2-redis-task.yaml": [
      {
        "hashed_secret": "af6a28febd2e7634c24cbea91472efed9cab2799",
        "is_secret": false,
        "is_verified": false,
        "line_number": 180,
        "type": "Secret Keyword",
        "verified_result": null
      }
    ],
    ".tekton/tasks/test-groups/collector-20-redis-task.yaml": [
      {
        "hashed_secret": "af6a28febd2e7634c24cbea91472efed9cab2799",
        "is_secret": false,
        "is_verified": false,
        "line_number": 180,
        "type": "Secret Keyword",
        "verified_result": null
      }
    ],
    ".tekton/tasks/test-groups/collector-21-kafka-task.yaml": [
      {
        "hashed_secret": "af6a28febd2e7634c24cbea91472efed9cab2799",
        "is_secret": false,
        "is_verified": false,
        "line_number": 198,
        "type": "Secret Keyword",
        "verified_result": null
      }
    ],
    ".tekton/tasks/test-groups/collector-22-kafka-task.yaml": [
      {
        "hashed_secret": "af6a28febd2e7634c24cbea91472efed9cab2799",
        "is_secret": false,
        "is_verified": false,
        "line_number": 198,
        "type": "Secret Keyword",
        "verified_result": null
      }
    ],
    ".tekton/tasks/test-groups/collector-23-kafka-task.yaml": [
      {
        "hashed_secret": "af6a28febd2e7634c24cbea91472efed9cab2799",
        "is_secret": false,
        "is_verified": false,
        "line_number": 198,
        "type": "Secret Keyword",
        "verified_result": null
      }
    ],
    ".tekton/tasks/test-groups/collector-24-kafka-task.yaml": [
      {
        "hashed_secret": "af6a28febd2e7634c24cbea91472efed9cab2799",
        "is_secret": false,
        "is_verified": false,
        "line_number": 198,
        "type": "Secret Keyword",
        "verified_result": null
      }
    ],
    ".tekton/tasks/test-groups/collector-25-kafka-task.yaml": [
      {
        "hashed_secret": "af6a28febd2e7634c24cbea91472efed9cab2799",
        "is_secret": false,
        "is_verified": false,
        "line_number": 198,
        "type": "Secret Keyword",
        "verified_result": null
      }
    ],
    ".tekton/tasks/test-groups/collector-26-kafka-task.yaml": [
      {
        "hashed_secret": "af6a28febd2e7634c24cbea91472efed9cab2799",
        "is_secret": false,
        "is_verified": false,
        "line_number": 198,
        "type": "Secret Keyword",
        "verified_result": null
      }
    ],
    ".tekton/tasks/test-groups/collector-27-postgres-task.yaml": [
      {
        "hashed_secret": "af6a28febd2e7634c24cbea91472efed9cab2799",
        "is_secret": false,
        "is_verified": false,
        "line_number": 165,
        "type": "Secret Keyword",
        "verified_result": null
      }
    ],
    ".tekton/tasks/test-groups/collector-28-postgres-task.yaml": [
      {
        "hashed_secret": "af6a28febd2e7634c24cbea91472efed9cab2799",
        "is_secret": false,
        "is_verified": false,
        "line_number": 165,
        "type": "Secret Keyword",
        "verified_result": null
      }
    ],
    ".tekton/tasks/test-groups/collector-29-postgres-task.yaml": [
      {
        "hashed_secret": "af6a28febd2e7634c24cbea91472efed9cab2799",
        "is_secret": false,
        "is_verified": false,
        "line_number": 165,
        "type": "Secret Keyword",
        "verified_result": null
      }
    ],
    ".tekton/tasks/test-groups/collector-3-redis-task.yaml": [
      {
        "hashed_secret": "af6a28febd2e7634c24cbea91472efed9cab2799",
        "is_secret": false,
        "is_verified": false,
        "line_number": 180,
        "type": "Secret Keyword",
        "verified_result": null
      }
    ],
    ".tekton/tasks/test-groups/collector-30-elasticsearch-task.yaml": [
      {
        "hashed_secret": "af6a28febd2e7634c24cbea91472efed9cab2799",
        "is_secret": false,
        "is_verified": false,
        "line_number": 156,
        "type": "Secret Keyword",
        "verified_result": null
      }
    ],
    ".tekton/tasks/test-groups/collector-31-elasticsearch-task.yaml": [
      {
        "hashed_secret": "af6a28febd2e7634c24cbea91472efed9cab2799",
        "is_secret": false,
        "is_verified": false,
        "line_number": 156,
        "type": "Secret Keyword",
        "verified_result": null
      }
    ],
    ".tekton/tasks/test-groups/collector-32-mongodb-task.yaml": [
      {
        "hashed_secret": "af6a28febd2e7634c24cbea91472efed9cab2799",
        "is_secret": false,
        "is_verified": false,
        "line_number": 149,
        "type": "Secret Keyword",
        "verified_result": null
      }
    ],
    ".tekton/tasks/test-groups/collector-33-couchbase-task.yaml": [
      {
        "hashed_secret": "af6a28febd2e7634c24cbea91472efed9cab2799",
        "is_secret": false,
        "is_verified": false,
        "line_number": 156,
        "type": "Secret Keyword",
        "verified_result": null
      }
    ],
    ".tekton/tasks/test-groups/collector-34-rabbitmq-task.yaml": [
      {
        "hashed_secret": "af6a28febd2e7634c24cbea91472efed9cab2799",
        "is_secret": false,
        "is_verified": false,
        "line_number": 155,
        "type": "Secret Keyword",
        "verified_result": null
      }
    ],
    ".tekton/tasks/test-groups/collector-35-nats-task.yaml": [
      {
        "hashed_secret": "af6a28febd2e7634c24cbea91472efed9cab2799",
        "is_secret": false,
        "is_verified": false,
        "line_number": 187,
        "type": "Secret Keyword",
        "verified_result": null
      }
    ],
    ".tekton/tasks/test-groups/collector-36-mysql-task.yaml": [
      {
        "hashed_secret": "af6a28febd2e7634c24cbea91472efed9cab2799",
        "is_secret": false,
        "is_verified": false,
        "line_number": 171,
        "type": "Secret Keyword",
        "verified_result": null
      }
    ],
    ".tekton/tasks/test-groups/collector-37-localstack-task.yaml": [
      {
        "hashed_secret": "af6a28febd2e7634c24cbea91472efed9cab2799",
        "is_secret": false,
        "is_verified": false,
        "line_number": 149,
        "type": "Secret Keyword",
        "verified_result": null
      }
    ],
    ".tekton/tasks/test-groups/collector-38-memcached-task.yaml": [
      {
        "hashed_secret": "af6a28febd2e7634c24cbea91472efed9cab2799",
        "is_secret": false,
        "is_verified": false,
        "line_number": 149,
        "type": "Secret Keyword",
        "verified_result": null
      }
    ],
    ".tekton/tasks/test-groups/collector-39-oracledb-task.yaml": [
      {
        "hashed_secret": "af6a28febd2e7634c24cbea91472efed9cab2799",
        "is_secret": false,
        "is_verified": false,
        "line_number": 152,
        "type": "Secret Keyword",
        "verified_result": null
      }
    ],
    ".tekton/tasks/test-groups/collector-4-redis-task.yaml": [
      {
        "hashed_secret": "af6a28febd2e7634c24cbea91472efed9cab2799",
        "is_secret": false,
        "is_verified": false,
        "line_number": 180,
        "type": "Secret Keyword",
        "verified_result": null
      }
    ],
    ".tekton/tasks/test-groups/collector-5-redis-task.yaml": [
      {
        "hashed_secret": "af6a28febd2e7634c24cbea91472efed9cab2799",
        "is_secret": false,
        "is_verified": false,
        "line_number": 180,
        "type": "Secret Keyword",
        "verified_result": null
      }
    ],
    ".tekton/tasks/test-groups/collector-6-redis-task.yaml": [
      {
        "hashed_secret": "af6a28febd2e7634c24cbea91472efed9cab2799",
        "is_secret": false,
        "is_verified": false,
        "line_number": 180,
        "type": "Secret Keyword",
        "verified_result": null
      }
    ],
    ".tekton/tasks/test-groups/collector-7-redis-task.yaml": [
      {
        "hashed_secret": "af6a28febd2e7634c24cbea91472efed9cab2799",
        "is_secret": false,
        "is_verified": false,
        "line_number": 180,
        "type": "Secret Keyword",
        "verified_result": null
      }
    ],
    ".tekton/tasks/test-groups/collector-8-redis-task.yaml": [
      {
        "hashed_secret": "af6a28febd2e7634c24cbea91472efed9cab2799",
        "is_secret": false,
        "is_verified": false,
        "line_number": 180,
        "type": "Secret Keyword",
        "verified_result": null
      }
    ],
    ".tekton/tasks/test-groups/collector-9-redis-task.yaml": [
      {
        "hashed_secret": "af6a28febd2e7634c24cbea91472efed9cab2799",
        "is_secret": false,
        "is_verified": false,
        "line_number": 180,
        "type": "Secret Keyword",
        "verified_result": null
      }
    ],
    ".tekton/tasks/test-groups/core-task.yaml": [
      {
        "hashed_secret": "af6a28febd2e7634c24cbea91472efed9cab2799",
        "is_secret": false,
        "is_verified": false,
        "line_number": 142,
        "type": "Secret Keyword",
        "verified_result": null
      }
    ],
    ".tekton/tasks/test-groups/google-cloud-run-task.yaml": [
      {
        "hashed_secret": "af6a28febd2e7634c24cbea91472efed9cab2799",
        "is_secret": false,
        "is_verified": false,
        "line_number": 142,
        "type": "Secret Keyword",
        "verified_result": null
      }
    ],
    ".tekton/tasks/test-groups/metrics-util-task.yaml": [
      {
        "hashed_secret": "af6a28febd2e7634c24cbea91472efed9cab2799",
        "is_secret": false,
        "is_verified": false,
        "line_number": 142,
        "type": "Secret Keyword",
        "verified_result": null
      }
    ],
    ".tekton/tasks/test-groups/opentelemetry-exporter-task.yaml": [
      {
        "hashed_secret": "af6a28febd2e7634c24cbea91472efed9cab2799",
        "is_secret": false,
        "is_verified": false,
        "line_number": 142,
        "type": "Secret Keyword",
        "verified_result": null
      }
    ],
    ".tekton/tasks/test-groups/opentelemetry-sampler-task.yaml": [
      {
        "hashed_secret": "af6a28febd2e7634c24cbea91472efed9cab2799",
        "is_secret": false,
        "is_verified": false,
        "line_number": 142,
        "type": "Secret Keyword",
        "verified_result": null
      }
    ],
    ".tekton/tasks/test-groups/serverless-collector-task.yaml": [
      {
        "hashed_secret": "af6a28febd2e7634c24cbea91472efed9cab2799",
        "is_secret": false,
        "is_verified": false,
        "line_number": 142,
        "type": "Secret Keyword",
        "verified_result": null
      }
    ],
    ".tekton/tasks/test-groups/serverless-task.yaml": [
      {
        "hashed_secret": "af6a28febd2e7634c24cbea91472efed9cab2799",
        "is_secret": false,
        "is_verified": false,
        "line_number": 142,
        "type": "Secret Keyword",
        "verified_result": null
      }
    ],
    ".tekton/tasks/test-groups/shared-metrics-task.yaml": [
      {
        "hashed_secret": "af6a28febd2e7634c24cbea91472efed9cab2799",
        "is_secret": false,
        "is_verified": false,
        "line_number": 142,
        "type": "Secret Keyword",
        "verified_result": null
      }
    ],
    ".tekton/templates/test-task.yaml.template": [
      {
        "hashed_secret": "af6a28febd2e7634c24cbea91472efed9cab2799",
        "is_secret": false,
        "is_verified": false,
        "line_number": 164,
        "type": "Secret Keyword",
        "verified_result": null
      }
    ],
    "CHANGELOG.md": [
      {
        "hashed_secret": "5baa61e4c9b93f3f0682250b6cf8331b7ee68fd8",
        "is_secret": false,
        "is_verified": false,
        "line_number": 2252,
        "type": "Basic Auth Credentials",
        "verified_result": null
      }
    ],
    "CONTRIBUTING.md": [
      {
        "hashed_secret": "d86278cc7279e985e5ed2b97b7705d25555a6362",
        "is_secret": false,
        "is_verified": false,
        "line_number": 367,
        "type": "Secret Keyword",
        "verified_result": null
      }
    ],
    "docker-compose-base.yaml": [
      {
        "hashed_secret": "ae19c959938c86458ca10da524db1d09aa78e2e5",
        "is_secret": false,
        "is_verified": false,
        "line_number": 11,
        "type": "Secret Keyword",
        "verified_result": null
      },
      {
        "hashed_secret": "12ce10b152d37024604ba092df561209b72e0a5c",
        "is_secret": false,
        "is_verified": false,
        "line_number": 175,
        "type": "Secret Keyword",
        "verified_result": null
      },
      {
        "hashed_secret": "075fb229bf3b9ca5e41e2fee1dfa7ab60bfb28bf",
        "is_secret": false,
        "is_verified": false,
        "line_number": 234,
        "type": "Secret Keyword",
        "verified_result": null
      }
    ],
    "hosts_config.json": [
      {
        "hashed_secret": "075fb229bf3b9ca5e41e2fee1dfa7ab60bfb28bf",
        "is_secret": false,
        "is_verified": false,
        "line_number": 31,
        "type": "Secret Keyword",
        "verified_result": null
      },
      {
        "hashed_secret": "075fb229bf3b9ca5e41e2fee1dfa7ab60bfb28bf",
        "is_secret": false,
        "is_verified": false,
        "line_number": 34,
        "type": "Basic Auth Credentials",
        "verified_result": null
      }
    ],
    "packages/aws-fargate/test/integration_test/test.js": [
      {
        "hashed_secret": "bbe704faec7da81774b8586b92192c163e32b5b4",
        "is_secret": false,
        "is_verified": false,
        "line_number": 25,
        "type": "Hex High Entropy String",
        "verified_result": null
      },
      {
        "hashed_secret": "28681d6b9d86ca754901c1b1e16d1688c26063d0",
        "is_secret": false,
        "is_verified": false,
        "line_number": 34,
        "type": "Hex High Entropy String",
        "verified_result": null
      },
      {
        "hashed_secret": "5baa61e4c9b93f3f0682250b6cf8331b7ee68fd8",
        "is_secret": false,
        "is_verified": false,
        "line_number": 339,
        "type": "Basic Auth Credentials",
        "verified_result": null
      },
      {
        "hashed_secret": "6809ffccad03b80fa1fbc32c17e7e054805ec30b",
        "is_secret": false,
        "is_verified": false,
        "line_number": 385,
        "type": "Basic Auth Credentials",
        "verified_result": null
      }
    ],
    "packages/aws-fargate/test/metadata_mock/index.js": [
      {
        "hashed_secret": "bbe704faec7da81774b8586b92192c163e32b5b4",
        "is_secret": false,
        "is_verified": false,
        "line_number": 43,
        "type": "Hex High Entropy String",
        "verified_result": null
      },
      {
        "hashed_secret": "28681d6b9d86ca754901c1b1e16d1688c26063d0",
        "is_secret": false,
        "is_verified": false,
        "line_number": 487,
        "type": "Hex High Entropy String",
        "verified_result": null
      },
      {
        "hashed_secret": "e4252e1c1859e6f61fdb64f7106cb288cecea95c",
        "is_secret": false,
        "is_verified": false,
        "line_number": 608,
        "type": "Hex High Entropy String",
        "verified_result": null
      }
    ],
    "packages/aws-lambda/test/integration_test/test_definition.js": [
      {
        "hashed_secret": "5baa61e4c9b93f3f0682250b6cf8331b7ee68fd8",
        "is_secret": false,
        "is_verified": false,
        "line_number": 1816,
        "type": "Basic Auth Credentials",
        "verified_result": null
      },
      {
        "hashed_secret": "6809ffccad03b80fa1fbc32c17e7e054805ec30b",
        "is_secret": false,
        "is_verified": false,
        "line_number": 1856,
        "type": "Basic Auth Credentials",
        "verified_result": null
      },
      {
        "hashed_secret": "ff998abc1ce6d8f01a675fa197368e44c8916e9c",
        "is_secret": false,
        "is_verified": false,
        "line_number": 3249,
        "type": "Hex High Entropy String",
        "verified_result": null
      },
      {
        "hashed_secret": "f113b1ba9cb43f4a947000f2f41ae10a04190256",
        "is_secret": false,
        "is_verified": false,
        "line_number": 3250,
        "type": "Hex High Entropy String",
        "verified_result": null
      }
    ],
    "packages/aws-lambda/test/process_result_test.js": [
      {
        "hashed_secret": "795003f7414bb92ed26b53397de5da318cbccb30",
        "is_secret": false,
        "is_verified": false,
        "line_number": 18,
        "type": "Hex High Entropy String",
        "verified_result": null
      }
    ],
    "packages/aws-lambda/test/runtime_mock/index.js": [
      {
        "hashed_secret": "bd0891d3f9b46576a0e9a7849103b74840aeaf4e",
        "is_secret": false,
        "is_verified": false,
        "line_number": 378,
        "type": "Base64 High Entropy String",
        "verified_result": null
      },
      {
        "hashed_secret": "916e9c937a2c5b6bbb5e5d94222aff2687f733aa",
        "is_secret": false,
        "is_verified": false,
        "line_number": 379,
        "type": "Base64 High Entropy String",
        "verified_result": null
      },
      {
        "hashed_secret": "d012d41830510e2ee5e569e807bc9d3dafebb75b",
        "is_secret": false,
        "is_verified": false,
        "line_number": 380,
        "type": "Base64 High Entropy String",
        "verified_result": null
      },
      {
        "hashed_secret": "2f4d8cf3add4dde3a43856c9d542bac0db21342c",
        "is_secret": false,
        "is_verified": false,
        "line_number": 381,
        "type": "Base64 High Entropy String",
        "verified_result": null
      },
      {
        "hashed_secret": "b54cf81bd49bd0b1dd0786ef969f1e266af67a5c",
        "is_secret": false,
        "is_verified": false,
        "line_number": 382,
        "type": "Base64 High Entropy String",
        "verified_result": null
      },
      {
        "hashed_secret": "2982f6a6db7807527f9cf4595c4de04373da4f5d",
        "is_secret": false,
        "is_verified": false,
        "line_number": 383,
        "type": "Base64 High Entropy String",
        "verified_result": null
      },
      {
        "hashed_secret": "99211035338ca7eb8a1c92684f246bf42cd1d04d",
        "is_secret": false,
        "is_verified": false,
        "line_number": 384,
        "type": "Base64 High Entropy String",
        "verified_result": null
      },
      {
        "hashed_secret": "6dda0c91b4b5394ea5d1fb6c227e2e2a6224d9d3",
        "is_secret": false,
        "is_verified": false,
        "line_number": 385,
        "type": "Base64 High Entropy String",
        "verified_result": null
      },
      {
        "hashed_secret": "207e0eef241b4bccf5e601717a39ae7de64ada7e",
        "is_secret": false,
        "is_verified": false,
        "line_number": 471,
        "type": "Base64 High Entropy String",
        "verified_result": null
      },
      {
        "hashed_secret": "6790877f9acbd527b0cd069a028ff07aaed39315",
        "is_secret": false,
        "is_verified": false,
        "line_number": 472,
        "type": "Base64 High Entropy String",
        "verified_result": null
      },
      {
        "hashed_secret": "a2670f2a9c23751e5d77a04fc6510bccb1b5373b",
        "is_secret": false,
        "is_verified": false,
        "line_number": 473,
        "type": "Base64 High Entropy String",
        "verified_result": null
      },
      {
        "hashed_secret": "6707c0791322850e24d89fc8b69a8d6f640bca27",
        "is_secret": false,
        "is_verified": false,
        "line_number": 474,
        "type": "Base64 High Entropy String",
        "verified_result": null
      },
      {
        "hashed_secret": "52cb8bfc3e03d77c217987cdcffbcaae4b1df711",
        "is_secret": false,
        "is_verified": false,
        "line_number": 510,
        "type": "Hex High Entropy String",
        "verified_result": null
      },
      {
        "hashed_secret": "81613049533a78df380b619f2e38a9be0274ec76",
        "is_secret": false,
        "is_verified": false,
        "line_number": 566,
        "type": "Hex High Entropy String",
        "verified_result": null
      },
      {
        "hashed_secret": "f65db3b711114d260e69aceeef77769a16cedaa0",
        "is_secret": false,
        "is_verified": false,
        "line_number": 594,
        "type": "Hex High Entropy String",
        "verified_result": null
      }
    ],
    "packages/aws-lambda/test/specification_compliance/test.js": [
      {
        "hashed_secret": "2dbc0e0d477bce9c0afed2a91270734ff121be9b",
        "is_secret": false,
        "is_verified": false,
        "line_number": 214,
        "type": "Hex High Entropy String",
        "verified_result": null
      },
      {
        "hashed_secret": "e0f2fe74e49b81ec1bb7dc6b0930fb9d51155e06",
        "is_secret": false,
        "is_verified": false,
        "line_number": 215,
        "type": "Hex High Entropy String",
        "verified_result": null
      }
    ],
    "packages/collector/test/apps/ssl/key": [
      {
        "hashed_secret": "1348b145fa1a555461c1b790a2f66614781091e9",
        "is_secret": false,
        "is_verified": false,
        "line_number": 1,
        "type": "Private Key",
        "verified_result": null
      }
    ],
    "packages/collector/test/integration/currencies/cloud/@aws-sdk/client-sqs/test_base.js": [
      {
        "hashed_secret": "2dbb4b0b603f239fea868fd0c47f4be1c5429159",
        "is_secret": false,
        "is_verified": false,
        "line_number": 187,
        "type": "Hex High Entropy String",
        "verified_result": null
      },
      {
        "hashed_secret": "dd9579e138126b7dd89dfa3241da078e77be5755",
        "is_secret": false,
        "is_verified": false,
        "line_number": 188,
        "type": "Hex High Entropy String",
        "verified_result": null
      }
    ],
    "packages/collector/test/integration/currencies/cloud/@azure/storage-blob/app.mjs": [
      {
        "hashed_secret": "c2a6b03f190dfb2b4aa91f8af8d477a9bc3401dc",
        "is_secret": false,
        "is_verified": false,
        "line_number": 43,
        "type": "Secret Keyword",
        "verified_result": null
      }
    ],
    "packages/collector/test/integration/currencies/cloud/@azure/storage-blob/test_base.js": [
      {
        "hashed_secret": "738be8b0a00647111929c98d9a85f86d6c84e604",
        "is_secret": false,
        "is_verified": false,
        "line_number": 36,
        "type": "Base64 High Entropy String",
        "verified_result": null
      },
      {
        "hashed_secret": "89afdb7b9a8b58137f46862826b7a12441279a7f",
        "is_secret": false,
        "is_verified": false,
        "line_number": 36,
        "type": "Base64 High Entropy String",
        "verified_result": null
      }
    ],
    "packages/collector/test/integration/currencies/cloud/aws-sdk/sqs/suite.js": [
      {
        "hashed_secret": "2dbb4b0b603f239fea868fd0c47f4be1c5429159",
        "is_secret": false,
        "is_verified": false,
        "line_number": 211,
        "type": "Hex High Entropy String",
        "verified_result": null
      },
      {
        "hashed_secret": "dd9579e138126b7dd89dfa3241da078e77be5755",
        "is_secret": false,
        "is_verified": false,
        "line_number": 212,
        "type": "Hex High Entropy String",
        "verified_result": null
      }
    ],
    "packages/collector/test/integration/currencies/databases/couchbase/app.js": [
      {
        "hashed_secret": "2e0600a7afb6d6a409b07fe0d3fcbdac0cbcbb5a",
        "is_secret": false,
        "is_verified": false,
        "line_number": 190,
        "type": "Secret Keyword",
        "verified_result": null
      }
    ],
    "packages/collector/test/integration/currencies/databases/couchbase/app.mjs": [
      {
        "hashed_secret": "2e0600a7afb6d6a409b07fe0d3fcbdac0cbcbb5a",
        "is_secret": false,
        "is_verified": false,
        "line_number": 168,
        "type": "Secret Keyword",
        "verified_result": null
      }
    ],
    "packages/collector/test/integration/currencies/databases/mongodb/app.mjs": [
      {
        "hashed_secret": "01451e477f1e59a7e34925438ef9a14785a6155f",
        "is_secret": false,
        "is_verified": false,
        "line_number": 42,
        "type": "Secret Keyword",
        "verified_result": null
      }
    ],
    "packages/collector/test/integration/currencies/databases/mongoose/app.mjs": [
      {
        "hashed_secret": "01451e477f1e59a7e34925438ef9a14785a6155f",
        "is_secret": false,
        "is_verified": false,
        "line_number": 30,
        "type": "Secret Keyword",
        "verified_result": null
      }
    ],
    "packages/collector/test/integration/currencies/databases/mysql/app.mjs": [
      {
        "hashed_secret": "d1e22748b21c14b7898140774b6ba742a9c240bf",
        "is_secret": false,
        "is_verified": false,
        "line_number": 54,
        "type": "Secret Keyword",
        "verified_result": null
      }
    ],
    "packages/collector/test/integration/currencies/databases/mysql2/app.mjs": [
      {
        "hashed_secret": "d1e22748b21c14b7898140774b6ba742a9c240bf",
        "is_secret": false,
        "is_verified": false,
        "line_number": 45,
        "type": "Secret Keyword",
        "verified_result": null
      }
    ],
    "packages/collector/test/integration/currencies/databases/oracledb/oracle-app.js": [
      {
        "hashed_secret": "ae19c959938c86458ca10da524db1d09aa78e2e5",
        "is_secret": false,
        "is_verified": false,
        "line_number": 31,
        "type": "Secret Keyword",
        "verified_result": null
      }
    ],
    "packages/collector/test/integration/currencies/databases/pg/app.mjs": [
      {
        "hashed_secret": "26060bb4592fce37d1e030a21062f6471635f114",
        "is_secret": false,
        "is_verified": false,
        "line_number": 38,
        "type": "Secret Keyword",
        "verified_result": null
      }
    ],
    "packages/collector/test/integration/currencies/databases/prisma/app.mjs": [
      {
        "hashed_secret": "d1e22748b21c14b7898140774b6ba742a9c240bf",
        "is_secret": false,
        "is_verified": false,
        "line_number": 56,
        "type": "Secret Keyword",
        "verified_result": null
      }
    ],
    "packages/collector/test/integration/currencies/databases/tedious/tedious-app.mjs": [
      {
        "hashed_secret": "953f73b387e7cfaedc5502fa9caad4b9a8c8e050",
        "is_secret": false,
        "is_verified": false,
        "line_number": 40,
        "type": "Secret Keyword",
        "verified_result": null
      },
      {
        "hashed_secret": "3c342e7cc23d90ad2c0193c561b80e87ae763fd0",
        "is_secret": false,
        "is_verified": false,
        "line_number": 50,
        "type": "Secret Keyword",
        "verified_result": null
      }
    ],
    "packages/collector/test/integration/currencies/frameworks/sequelize/app.mjs": [
      {
        "hashed_secret": "92a8f9a3f3cc6ee8a4947a9289f1ae00ee5b787c",
        "is_secret": false,
        "is_verified": false,
        "line_number": 31,
        "type": "Secret Keyword",
        "verified_result": null
      }
    ],
    "packages/collector/test/integration/currencies/frameworks/typeorm/app.mjs": [
      {
        "hashed_secret": "92a8f9a3f3cc6ee8a4947a9289f1ae00ee5b787c",
        "is_secret": false,
        "is_verified": false,
        "line_number": 60,
        "type": "Secret Keyword",
        "verified_result": null
      }
    ],
    "packages/collector/test/integration/currencies/logging/bunyan/assets/large_obj.json": [
      {
        "hashed_secret": "b4b39a30428739ccae0b965efcd572546c00cfb6",
        "is_secret": false,
        "is_verified": false,
        "line_number": 2,
        "type": "Hex High Entropy String",
        "verified_result": null
      }
    ],
    "packages/collector/test/integration/currencies/logging/bunyan/test_base.js": [
      {
        "hashed_secret": "b4b39a30428739ccae0b965efcd572546c00cfb6",
        "is_secret": false,
        "is_verified": false,
        "line_number": 133,
        "type": "Hex High Entropy String",
        "verified_result": null
      }
    ],
    "packages/collector/test/integration/currencies/protocols/http/client/clientApp.js": [
      {
        "hashed_secret": "5baa61e4c9b93f3f0682250b6cf8331b7ee68fd8",
        "is_secret": false,
        "is_verified": false,
        "line_number": 27,
        "type": "Basic Auth Credentials",
        "verified_result": null
      }
    ],
    "packages/collector/test/integration/currencies/protocols/http/native_fetch/clientApp.js": [
      {
        "hashed_secret": "5baa61e4c9b93f3f0682250b6cf8331b7ee68fd8",
        "is_secret": false,
        "is_verified": false,
        "line_number": 31,
        "type": "Basic Auth Credentials",
        "verified_result": null
      }
    ],
    "packages/collector/test/integration/currencies/protocols/http/server/test_base.js": [
      {
        "hashed_secret": "4734ac862c3b0cffc78c0511639b699bef8743a6",
        "is_secret": false,
        "is_verified": false,
        "line_number": 160,
        "type": "Hex High Entropy String",
        "verified_result": null
      },
      {
        "hashed_secret": "2a5897a6ddcb94e643942be321f644d084a40055",
        "is_secret": false,
        "is_verified": false,
        "line_number": 564,
        "type": "Hex High Entropy String",
        "verified_result": null
      }
    ],
    "packages/collector/test/integration/currencies/protocols/http2/test_base.js": [
      {
        "hashed_secret": "2a5897a6ddcb94e643942be321f644d084a40055",
        "is_secret": false,
        "is_verified": false,
        "line_number": 234,
        "type": "Hex High Entropy String",
        "verified_result": null
      }
    ],
    "packages/collector/test/integration/metrics/npm_installed_app/node_modules/node-fetch/package.json": [
      {
        "hashed_secret": "d5d7ad5e45c9763bc4230c34b4769ca2678506ca",
        "is_secret": false,
        "is_verified": false,
        "line_number": 5,
        "type": "Base64 High Entropy String",
        "verified_result": null
      },
      {
        "hashed_secret": "455e87a75f43b167c473fedfbfe32d6b530ceac1",
        "is_secret": false,
        "is_verified": false,
        "line_number": 22,
        "type": "Hex High Entropy String",
        "verified_result": null
      }
    ],
    "packages/collector/test/integration/metrics/npm_installed_app/node_modules/npm-installed-test-app/package.json": [
      {
        "hashed_secret": "ba3d7c5a0b9ac82dbcfd60dc519d7b9841e6c1dc",
        "is_secret": false,
        "is_verified": false,
        "line_number": 5,
        "type": "Base64 High Entropy String",
        "verified_result": null
      },
      {
        "hashed_secret": "a17c052cd0ff8b6e16d14f10632fb547b4ca97ae",
        "is_secret": false,
        "is_verified": false,
        "line_number": 21,
        "type": "Hex High Entropy String",
        "verified_result": null
      }
    ],
    "packages/collector/test/integration/misc/sdk/sdk_spans/test_base.js": [
      {
        "hashed_secret": "ff998abc1ce6d8f01a675fa197368e44c8916e9c",
        "is_secret": false,
        "is_verified": false,
        "line_number": 230,
        "type": "Hex High Entropy String",
        "verified_result": null
      },
      {
        "hashed_secret": "f113b1ba9cb43f4a947000f2f41ae10a04190256",
        "is_secret": false,
        "is_verified": false,
        "line_number": 231,
        "type": "Hex High Entropy String",
        "verified_result": null
      }
    ],
    "packages/collector/test/integration/misc/specification_compliance/test_base.js": [
      {
        "hashed_secret": "2dbc0e0d477bce9c0afed2a91270734ff121be9b",
        "is_secret": false,
        "is_verified": false,
        "line_number": 255,
        "type": "Hex High Entropy String",
        "verified_result": null
      },
      {
        "hashed_secret": "e0f2fe74e49b81ec1bb7dc6b0930fb9d51155e06",
        "is_secret": false,
        "is_verified": false,
        "line_number": 256,
        "type": "Hex High Entropy String",
        "verified_result": null
      }
    ],
    "packages/collector/test/integration/misc/specification_compliance/tracer_compliance_test_cases.json": [
      {
        "hashed_secret": "f0618b1d7500dd47a185c7695a42c5a97b10bed0",
        "is_secret": false,
        "is_verified": false,
        "line_number": 217,
        "type": "Hex High Entropy String",
        "verified_result": null
      },
      {
        "hashed_secret": "0afb3305ed3ec7ea5d3b59948a0bfac8cb7e323f",
        "is_secret": false,
        "is_verified": false,
        "line_number": 218,
        "type": "Hex High Entropy String",
        "verified_result": null
      },
      {
        "hashed_secret": "ff998abc1ce6d8f01a675fa197368e44c8916e9c",
        "is_secret": false,
        "is_verified": false,
        "line_number": 305,
        "type": "Hex High Entropy String",
        "verified_result": null
      },
      {
        "hashed_secret": "6acf95c7ae325b981be4a6b848a7a3ce2803b739",
        "is_secret": false,
        "is_verified": false,
        "line_number": 452,
        "type": "Hex High Entropy String",
        "verified_result": null
      },
      {
        "hashed_secret": "f1187fa25ac10a610ada1b73b3f620f81fc18196",
        "is_secret": false,
        "is_verified": false,
        "line_number": 456,
        "type": "Hex High Entropy String",
        "verified_result": null
      },
      {
        "hashed_secret": "d5ba0631366ff879c02a91e587263441b88659ef",
        "is_secret": false,
        "is_verified": false,
        "line_number": 620,
        "type": "Hex High Entropy String",
        "verified_result": null
      },
      {
        "hashed_secret": "0a24796d4c71ce722a92f450f69dc36c60b21de4",
        "is_secret": false,
        "is_verified": false,
        "line_number": 623,
        "type": "Hex High Entropy String",
        "verified_result": null
      },
      {
        "hashed_secret": "01de06a401c6a4de9f33efda51dfdca96bc819d2",
        "is_secret": false,
        "is_verified": false,
        "line_number": 627,
        "type": "Hex High Entropy String",
        "verified_result": null
      },
      {
        "hashed_secret": "7d97c71af171fb32816e0e5be92604e1fa2fcf6b",
        "is_secret": false,
        "is_verified": false,
        "line_number": 637,
        "type": "Secret Keyword",
        "verified_result": null
      },
      {
        "hashed_secret": "969280130601dcdaf75b522ee3359e84903a45a9",
        "is_secret": false,
        "is_verified": false,
        "line_number": 645,
        "type": "Secret Keyword",
        "verified_result": null
      },
      {
        "hashed_secret": "c7454bc0c1522855b8a1fa5863a253bd69ee3c19",
        "is_secret": false,
        "is_verified": false,
        "line_number": 761,
        "type": "Hex High Entropy String",
        "verified_result": null
      },
      {
        "hashed_secret": "f23c1b83bfced0831b52da0589130224bbb9c632",
        "is_secret": false,
        "is_verified": false,
        "line_number": 767,
        "type": "Hex High Entropy String",
        "verified_result": null
      }
    ],
    "packages/collector/test/integration/misc/w3c_trace_context/test_base.js": [
      {
        "hashed_secret": "5bcbaa1e9c6fa78cf19a1e9d459ee70fde4dc948",
        "is_secret": false,
        "is_verified": false,
        "line_number": 20,
        "type": "Hex High Entropy String",
        "verified_result": null
      },
      {
        "hashed_secret": "12970fa61fba92dd1115e7442f71f1daccab3fa3",
        "is_secret": false,
        "is_verified": false,
        "line_number": 21,
        "type": "Hex High Entropy String",
        "verified_result": null
      }
    ],
    "packages/core/src/tracing/instrumentation/cloud/aws-sdk/v2/dynamodb.js": [
      {
        "hashed_secret": "3c7698ffb526af5f8317f6189c425483d3fb0bb9",
        "is_secret": false,
        "is_verified": false,
        "line_number": 67,
        "type": "Base64 High Entropy String",
        "verified_result": null
      }
    ],
    "packages/core/src/tracing/instrumentation/databases/prisma.js": [
      {
        "hashed_secret": "0e9cb029aaff67ab917c9ebd279eb2de55dbe3f4",
        "is_secret": false,
        "is_verified": false,
        "line_number": 278,
        "type": "Secret Keyword",
        "verified_result": null
      }
    ],
    "packages/core/test/otlpExporter/traces/transformers/spanMetaData_test.js": [
      {
        "hashed_secret": "ff998abc1ce6d8f01a675fa197368e44c8916e9c",
        "is_secret": false,
        "is_verified": false,
        "line_number": 499,
        "type": "Hex High Entropy String",
        "verified_result": null
      },
      {
        "hashed_secret": "6169f840ed151c22c8f7b911289e94adec766805",
        "is_secret": false,
        "is_verified": false,
        "line_number": 500,
        "type": "Hex High Entropy String",
        "verified_result": null
      },
      {
        "hashed_secret": "90bd1b48e958257948487b90bee080ba5ed00caa",
        "is_secret": false,
        "is_verified": false,
        "line_number": 515,
        "type": "Hex High Entropy String",
        "verified_result": null
      }
    ],
    "packages/core/test/tracing/instrumentation/database/pg_native_connection_params_test.js": [
      {
        "hashed_secret": "efa3cb626118393b34d5f8ebc969e1576e67ec1d",
        "is_secret": false,
        "is_verified": false,
        "line_number": 106,
        "type": "Basic Auth Credentials",
        "verified_result": null
      }
    ],
    "packages/core/test/tracing/instrumentation/database/prisma_test.js": [
      {
        "hashed_secret": "e5e9fa1ba31ecd1ae84f75caaa474f3a663f05f4",
        "is_secret": false,
        "is_verified": false,
        "line_number": 30,
        "type": "Basic Auth Credentials",
        "verified_result": null
      },
      {
        "hashed_secret": "0e9cb029aaff67ab917c9ebd279eb2de55dbe3f4",
        "is_secret": false,
        "is_verified": false,
        "line_number": 31,
        "type": "Basic Auth Credentials",
        "verified_result": null
      },
      {
        "hashed_secret": "5baa61e4c9b93f3f0682250b6cf8331b7ee68fd8",
        "is_secret": false,
        "is_verified": false,
        "line_number": 45,
        "type": "Basic Auth Credentials",
        "verified_result": null
      }
    ],
    "packages/core/test/tracing/tracingHeaders_test.js": [
      {
        "hashed_secret": "b1710117cfe1cc5549bbb45f0bad1c8c8fc797d5",
        "is_secret": false,
        "is_verified": false,
        "line_number": 16,
        "type": "Hex High Entropy String",
        "verified_result": null
      },
      {
        "hashed_secret": "fdd66fb861c8f1f11e2bad1dcc3357ead09db400",
        "is_secret": false,
        "is_verified": false,
        "line_number": 17,
        "type": "Hex High Entropy String",
        "verified_result": null
      },
      {
        "hashed_secret": "d5ba0631366ff879c02a91e587263441b88659ef",
        "is_secret": false,
        "is_verified": false,
        "line_number": 19,
        "type": "Hex High Entropy String",
        "verified_result": null
      },
      {
        "hashed_secret": "78ce5dbdf53d1e2fee0ae99338eb5a889da416d6",
        "is_secret": false,
        "is_verified": false,
        "line_number": 23,
        "type": "Hex High Entropy String",
        "verified_result": null
      },
      {
        "hashed_secret": "01de06a401c6a4de9f33efda51dfdca96bc819d2",
        "is_secret": false,
        "is_verified": false,
        "line_number": 24,
        "type": "Hex High Entropy String",
        "verified_result": null
      },
      {
        "hashed_secret": "8750a512f22c55598175aee8790ae2470ec88d16",
        "is_secret": false,
        "is_verified": false,
        "line_number": 26,
        "type": "Hex High Entropy String",
        "verified_result": null
      },
      {
        "hashed_secret": "7b34d80db04d99a96f1157f90c2f5ba3e38f3aba",
        "is_secret": false,
        "is_verified": false,
        "line_number": 196,
        "type": "Hex High Entropy String",
        "verified_result": null
      }
    ],
    "packages/core/test/tracing/w3c_trace_context/create_test.js": [
      {
        "hashed_secret": "407cf6ce4c99765a3e49e90561478623983ffa57",
        "is_secret": false,
        "is_verified": false,
        "line_number": 13,
        "type": "Hex High Entropy String",
        "verified_result": null
      },
      {
        "hashed_secret": "d5ba0631366ff879c02a91e587263441b88659ef",
        "is_secret": false,
        "is_verified": false,
        "line_number": 15,
        "type": "Hex High Entropy String",
        "verified_result": null
      }
    ],
    "packages/core/test/tracing/w3c_trace_context/parser_test.js": [
      {
        "hashed_secret": "0a24796d4c71ce722a92f450f69dc36c60b21de4",
        "is_secret": false,
        "is_verified": false,
        "line_number": 15,
        "type": "Hex High Entropy String",
        "verified_result": null
      },
      {
        "hashed_secret": "8750a512f22c55598175aee8790ae2470ec88d16",
        "is_secret": false,
        "is_verified": false,
        "line_number": 16,
        "type": "Hex High Entropy String",
        "verified_result": null
      },
      {
        "hashed_secret": "407cf6ce4c99765a3e49e90561478623983ffa57",
        "is_secret": false,
        "is_verified": false,
        "line_number": 23,
        "type": "Hex High Entropy String",
        "verified_result": null
      },
      {
        "hashed_secret": "d5ba0631366ff879c02a91e587263441b88659ef",
        "is_secret": false,
        "is_verified": false,
        "line_number": 25,
        "type": "Hex High Entropy String",
        "verified_result": null
      },
      {
        "hashed_secret": "4258999cc4a4bb16a5f86c78a5a5f863eb8fe18c",
        "is_secret": false,
        "is_verified": false,
        "line_number": 29,
        "type": "Hex High Entropy String",
        "verified_result": null
      },
      {
        "hashed_secret": "7f2a9f6562a4ec4720d399802ff93e7b5f303350",
        "is_secret": false,
        "is_verified": false,
        "line_number": 30,
        "type": "Hex High Entropy String",
        "verified_result": null
      },
      {
        "hashed_secret": "0454198e53b4a40bccf5341e30ec3ac9a1aedc27",
        "is_secret": false,
        "is_verified": false,
        "line_number": 31,
        "type": "Hex High Entropy String",
        "verified_result": null
      },
      {
        "hashed_secret": "b1775a785f09a6ebaf2dc33d6eaeb98974d9cdb8",
        "is_secret": false,
        "is_verified": false,
        "line_number": 439,
        "type": "Hex High Entropy String",
        "verified_result": null
      },
      {
        "hashed_secret": "c0f04c35422a65819ca4455e4107be974210622d",
        "is_secret": false,
        "is_verified": false,
        "line_number": 445,
        "type": "Hex High Entropy String",
        "verified_result": null
      },
      {
        "hashed_secret": "4b35a3aa753fbb3cbc88579f8d4a33dea08ef7ce",
        "is_secret": false,
        "is_verified": false,
        "line_number": 470,
        "type": "Hex High Entropy String",
        "verified_result": null
      }
    ],
    "packages/core/test/tracing/w3c_trace_context/w3c_trace_context_test.js": [
      {
        "hashed_secret": "0a24796d4c71ce722a92f450f69dc36c60b21de4",
        "is_secret": false,
        "is_verified": false,
        "line_number": 15,
        "type": "Hex High Entropy String",
        "verified_result": null
      },
      {
        "hashed_secret": "8750a512f22c55598175aee8790ae2470ec88d16",
        "is_secret": false,
        "is_verified": false,
        "line_number": 16,
        "type": "Hex High Entropy String",
        "verified_result": null
      },
      {
        "hashed_secret": "407cf6ce4c99765a3e49e90561478623983ffa57",
        "is_secret": false,
        "is_verified": false,
        "line_number": 22,
        "type": "Hex High Entropy String",
        "verified_result": null
      },
      {
        "hashed_secret": "d5ba0631366ff879c02a91e587263441b88659ef",
        "is_secret": false,
        "is_verified": false,
        "line_number": 24,
        "type": "Hex High Entropy String",
        "verified_result": null
      },
      {
        "hashed_secret": "4258999cc4a4bb16a5f86c78a5a5f863eb8fe18c",
        "is_secret": false,
        "is_verified": false,
        "line_number": 28,
        "type": "Hex High Entropy String",
        "verified_result": null
      },
      {
        "hashed_secret": "7f2a9f6562a4ec4720d399802ff93e7b5f303350",
        "is_secret": false,
        "is_verified": false,
        "line_number": 29,
        "type": "Hex High Entropy String",
        "verified_result": null
      },
      {
        "hashed_secret": "0454198e53b4a40bccf5341e30ec3ac9a1aedc27",
        "is_secret": false,
        "is_verified": false,
        "line_number": 30,
        "type": "Hex High Entropy String",
        "verified_result": null
      }
    ],
    "packages/core/test/util/url_test.js": [
      {
        "hashed_secret": "5baa61e4c9b93f3f0682250b6cf8331b7ee68fd8",
        "is_secret": false,
        "is_verified": false,
        "line_number": 43,
        "type": "Basic Auth Credentials",
        "verified_result": null
      },
      {
        "hashed_secret": "1ae8ff89c5ed3ba1619a4740bfa45d750f90ff5b",
        "is_secret": false,
        "is_verified": false,
        "line_number": 44,
        "type": "Basic Auth Credentials",
        "verified_result": null
      }
    ],
    "packages/google-cloud-run/test/esm/test.js": [
      {
        "hashed_secret": "adf771b54d64b390f1fa3cca3a059d10c921cf4a",
        "is_secret": false,
        "is_verified": false,
        "line_number": 21,
        "type": "Hex High Entropy String",
        "verified_result": null
      }
    ],
    "packages/google-cloud-run/test/integration_test/test.js": [
      {
        "hashed_secret": "adf771b54d64b390f1fa3cca3a059d10c921cf4a",
        "is_secret": false,
        "is_verified": false,
        "line_number": 21,
        "type": "Hex High Entropy String",
        "verified_result": null
      }
    ],
    "packages/google-cloud-run/test/metadata_mock/index.js": [
      {
        "hashed_secret": "adf771b54d64b390f1fa3cca3a059d10c921cf4a",
        "is_secret": false,
        "is_verified": false,
        "line_number": 34,
        "type": "Hex High Entropy String",
        "verified_result": null
      }
    ],
    "packages/google-cloud-run/test/using_api/test.js": [
      {
        "hashed_secret": "adf771b54d64b390f1fa3cca3a059d10c921cf4a",
        "is_secret": false,
        "is_verified": false,
        "line_number": 18,
        "type": "Hex High Entropy String",
        "verified_result": null
      }
    ],
    "packages/opentelemetry-exporter/test/otel_spans.js": [
      {
        "hashed_secret": "e99b3773f7bd4f0c4c574215887572b54543a986",
        "is_secret": false,
        "is_verified": false,
        "line_number": 144,
        "type": "Hex High Entropy String",
        "verified_result": null
      },
      {
        "hashed_secret": "e9bdbdffdb0584af436744a8423d19ed3d25612a",
        "is_secret": false,
        "is_verified": false,
        "line_number": 265,
        "type": "Hex High Entropy String",
        "verified_result": null
      },
      {
        "hashed_secret": "cab99507b3ad984a4042dccee35d29bb2ad2e88d",
        "is_secret": false,
        "is_verified": false,
        "line_number": 306,
        "type": "Hex High Entropy String",
        "verified_result": null
      },
      {
        "hashed_secret": "f681fa9ab60fe9367ca9e96529f26897de59a426",
        "is_secret": false,
        "is_verified": false,
        "line_number": 307,
        "type": "Hex High Entropy String",
        "verified_result": null
      }
    ],
    "packages/opentelemetry-exporter/test/test.js": [
      {
        "hashed_secret": "7b869e7ff065eb3817259100c53bcaa7072e8873",
        "is_secret": false,
        "is_verified": false,
        "line_number": 63,
        "type": "Hex High Entropy String",
        "verified_result": null
      }
    ],
    "packages/opentelemetry-sampler/test/test.js": [
      {
        "hashed_secret": "fd453a9b103315014d389271170e6c1c9f678a23",
        "is_secret": false,
        "is_verified": false,
        "line_number": 110,
        "type": "Hex High Entropy String",
        "verified_result": null
      },
      {
        "hashed_secret": "8d536e21012b6d2737e3193852b5a2e763ce22a8",
        "is_secret": false,
        "is_verified": false,
        "line_number": 111,
        "type": "Hex High Entropy String",
        "verified_result": null
      }
    ],
    "packages/serverless/ci/pipeline.yaml": [
      {
        "hashed_secret": "9af3842326eadff7d85a55edfec67f6d8a3a259f",
        "is_secret": false,
        "is_verified": false,
        "line_number": 21,
        "type": "Secret Keyword",
        "verified_result": null
      }
    ],
    "packages/serverless/ci/testing/pipeline-debug.yaml": [
      {
        "hashed_secret": "9af3842326eadff7d85a55edfec67f6d8a3a259f",
        "is_secret": false,
        "is_verified": false,
        "line_number": 12,
        "type": "Secret Keyword",
        "verified_result": null
      }
    ],
    "packages/serverless/test/backend_stub/cert/server.key": [
      {
        "hashed_secret": "be4fc4886bd949b369d5e092eb87494f12e57e5b",
        "is_secret": false,
        "is_verified": false,
        "line_number": 1,
        "type": "Private Key",
        "verified_result": null
      }
    ]
  },
  "version": "0.13.1+ibm.64.dss",
  "word_list": {
    "file": null,
    "hash": null
  }
}
